[AccountID:1  ID:1  Name:"mickey dolenz"  EMail:"mickeyd@gmail.com"  Role:UNRESTRICTED AccountID:1  ID:2  Name:"peter tork"  EMail:"petertd@gmail.com"  Role:3 AccountID:1  ID:3  Name:"davy jones"  EMail:"djonesI@gmail.com"  Role:3 AccountID:1  ID:4  Name:"michael nesmith"  EMail:"joanne@gmail.com"  Role:RESTRICTED AccountID:2  ID:5  Name:"mama cass"  EMail:"mama@gmail.com"  Role:UNRESTRICTED]