{"users":[{"accountid":1,"href":"/users/1","id":1,"name":"mickey dolenz","email":"mickeyd@gmail.com","role":1},{"accountid":1,"href":"/users/2","id":2,"name":"peter tork","email":"petertd@gmail.com","role":3},{"accountid":1,"href":"/users/3","id":3,"name":"davy jones","email":"djonesI@gmail.com","role":3},{"accountid":1,"href":"/users/4","id":4,"name":"michael nesmith","email":"joanne@gmail.com","role":2},{"accountid":2,"href":"/users/5","id":5,"name":"mama cass","email":"mama@gmail.com","role":1}]}